###############################################################################
#                                                                             #
# IAR ELF Linker V1.30.1.50036 for STM8                 28/Aug/2018  10:25:42 #
# Copyright 2010-2011 IAR Systems AB.                                         #
#                                                                             #
#    Output file  =  E:\Ö£½£Ñ©¹¤×÷Ä¿Â¼\Ëø¶Ô½Ó¹¤×÷\ÄÏ¾©8-24\·É±ÈËø¹¤³Ì\Debug\E #
#                    xe\XiangRui_STM8L051F3P6_Library.out                     #
#    Map file     =  E:\Ö£½£Ñ©¹¤×÷Ä¿Â¼\Ëø¶Ô½Ó¹¤×÷\ÄÏ¾©8-24\·É±ÈËø¹¤³Ì\Debug\L #
#                    ist\XiangRui_STM8L051F3P6_Library.map                    #
#    Command line =  E:\Ö£½£Ñ©¹¤×÷Ä¿Â¼\Ëø¶Ô½Ó¹¤×÷\ÄÏ¾©8-24\·É±ÈËø¹¤³Ì\Debug\O #
#                    bj\eeprom.o E:\Ö£½£Ñ©¹¤×÷Ä¿Â¼\Ëø¶Ô½Ó¹¤×÷\ÄÏ¾©8-24\·É±ÈËø #
#                    ¹¤³Ì\Debug\Obj\main.o E:\Ö£½£Ñ©¹¤×÷Ä¿Â¼\Ëø¶Ô½Ó¹¤×÷\ÄÏ¾©8 #
#                    -24\·É±ÈËø¹¤³Ì\Debug\Obj\protocol.o                      #
#                    E:\Ö£½£Ñ©¹¤×÷Ä¿Â¼\Ëø¶Ô½Ó¹¤×÷\ÄÏ¾©8-24\·É±ÈËø¹¤³Ì\Debug\O #
#                    bj\stm8l15x_adc.o E:\Ö£½£Ñ©¹¤×÷Ä¿Â¼\Ëø¶Ô½Ó¹¤×÷\ÄÏ¾©8-24\ #
#                    ·É±ÈËø¹¤³Ì\Debug\Obj\stm8l15x_aes.o                      #
#                    E:\Ö£½£Ñ©¹¤×÷Ä¿Â¼\Ëø¶Ô½Ó¹¤×÷\ÄÏ¾©8-24\·É±ÈËø¹¤³Ì\Debug\O #
#                    bj\stm8l15x_beep.o E:\Ö£½£Ñ©¹¤×÷Ä¿Â¼\Ëø¶Ô½Ó¹¤×÷\ÄÏ¾©8-24 #
#                    \·É±ÈËø¹¤³Ì\Debug\Obj\stm8l15x_clk.o                     #
#                    E:\Ö£½£Ñ©¹¤×÷Ä¿Â¼\Ëø¶Ô½Ó¹¤×÷\ÄÏ¾©8-24\·É±ÈËø¹¤³Ì\Debug\O #
#                    bj\stm8l15x_comp.o E:\Ö£½£Ñ©¹¤×÷Ä¿Â¼\Ëø¶Ô½Ó¹¤×÷\ÄÏ¾©8-24 #
#                    \·É±ÈËø¹¤³Ì\Debug\Obj\stm8l15x_dac.o                     #
#                    E:\Ö£½£Ñ©¹¤×÷Ä¿Â¼\Ëø¶Ô½Ó¹¤×÷\ÄÏ¾©8-24\·É±ÈËø¹¤³Ì\Debug\O #
#                    bj\stm8l15x_dma.o E:\Ö£½£Ñ©¹¤×÷Ä¿Â¼\Ëø¶Ô½Ó¹¤×÷\ÄÏ¾©8-24\ #
#                    ·É±ÈËø¹¤³Ì\Debug\Obj\stm8l15x_exti.o                     #
#                    E:\Ö£½£Ñ©¹¤×÷Ä¿Â¼\Ëø¶Ô½Ó¹¤×÷\ÄÏ¾©8-24\·É±ÈËø¹¤³Ì\Debug\O #
#                    bj\stm8l15x_flash.o E:\Ö£½£Ñ©¹¤×÷Ä¿Â¼\Ëø¶Ô½Ó¹¤×÷\ÄÏ¾©8-2 #
#                    4\·É±ÈËø¹¤³Ì\Debug\Obj\stm8l15x_gpio.o                   #
#                    E:\Ö£½£Ñ©¹¤×÷Ä¿Â¼\Ëø¶Ô½Ó¹¤×÷\ÄÏ¾©8-24\·É±ÈËø¹¤³Ì\Debug\O #
#                    bj\stm8l15x_i2c.o E:\Ö£½£Ñ©¹¤×÷Ä¿Â¼\Ëø¶Ô½Ó¹¤×÷\ÄÏ¾©8-24\ #
#                    ·É±ÈËø¹¤³Ì\Debug\Obj\stm8l15x_irtim.o                    #
#                    E:\Ö£½£Ñ©¹¤×÷Ä¿Â¼\Ëø¶Ô½Ó¹¤×÷\ÄÏ¾©8-24\·É±ÈËø¹¤³Ì\Debug\O #
#                    bj\stm8l15x_it.o E:\Ö£½£Ñ©¹¤×÷Ä¿Â¼\Ëø¶Ô½Ó¹¤×÷\ÄÏ¾©8-24\· #
#                    É±ÈËø¹¤³Ì\Debug\Obj\stm8l15x_itc.o                       #
#                    E:\Ö£½£Ñ©¹¤×÷Ä¿Â¼\Ëø¶Ô½Ó¹¤×÷\ÄÏ¾©8-24\·É±ÈËø¹¤³Ì\Debug\O #
#                    bj\stm8l15x_iwdg.o E:\Ö£½£Ñ©¹¤×÷Ä¿Â¼\Ëø¶Ô½Ó¹¤×÷\ÄÏ¾©8-24 #
#                    \·É±ÈËø¹¤³Ì\Debug\Obj\stm8l15x_lcd.o                     #
#                    E:\Ö£½£Ñ©¹¤×÷Ä¿Â¼\Ëø¶Ô½Ó¹¤×÷\ÄÏ¾©8-24\·É±ÈËø¹¤³Ì\Debug\O #
#                    bj\stm8l15x_pwr.o E:\Ö£½£Ñ©¹¤×÷Ä¿Â¼\Ëø¶Ô½Ó¹¤×÷\ÄÏ¾©8-24\ #
#                    ·É±ÈËø¹¤³Ì\Debug\Obj\stm8l15x_rst.o                      #
#                    E:\Ö£½£Ñ©¹¤×÷Ä¿Â¼\Ëø¶Ô½Ó¹¤×÷\ÄÏ¾©8-24\·É±ÈËø¹¤³Ì\Debug\O #
#                    bj\stm8l15x_rtc.o E:\Ö£½£Ñ©¹¤×÷Ä¿Â¼\Ëø¶Ô½Ó¹¤×÷\ÄÏ¾©8-24\ #
#                    ·É±ÈËø¹¤³Ì\Debug\Obj\stm8l15x_spi.o                      #
#                    E:\Ö£½£Ñ©¹¤×÷Ä¿Â¼\Ëø¶Ô½Ó¹¤×÷\ÄÏ¾©8-24\·É±ÈËø¹¤³Ì\Debug\O #
#                    bj\stm8l15x_syscfg.o E:\Ö£½£Ñ©¹¤×÷Ä¿Â¼\Ëø¶Ô½Ó¹¤×÷\ÄÏ¾©8- #
#                    24\·É±ÈËø¹¤³Ì\Debug\Obj\stm8l15x_tim1.o                  #
#                    E:\Ö£½£Ñ©¹¤×÷Ä¿Â¼\Ëø¶Ô½Ó¹¤×÷\ÄÏ¾©8-24\·É±ÈËø¹¤³Ì\Debug\O #
#                    bj\stm8l15x_tim2.o E:\Ö£½£Ñ©¹¤×÷Ä¿Â¼\Ëø¶Ô½Ó¹¤×÷\ÄÏ¾©8-24 #
#                    \·É±ÈËø¹¤³Ì\Debug\Obj\stm8l15x_tim3.o                    #
#                    E:\Ö£½£Ñ©¹¤×÷Ä¿Â¼\Ëø¶Ô½Ó¹¤×÷\ÄÏ¾©8-24\·É±ÈËø¹¤³Ì\Debug\O #
#                    bj\stm8l15x_tim4.o E:\Ö£½£Ñ©¹¤×÷Ä¿Â¼\Ëø¶Ô½Ó¹¤×÷\ÄÏ¾©8-24 #
#                    \·É±ÈËø¹¤³Ì\Debug\Obj\stm8l15x_tim5.o                    #
#                    E:\Ö£½£Ñ©¹¤×÷Ä¿Â¼\Ëø¶Ô½Ó¹¤×÷\ÄÏ¾©8-24\·É±ÈËø¹¤³Ì\Debug\O #
#                    bj\stm8l15x_usart.o E:\Ö£½£Ñ©¹¤×÷Ä¿Â¼\Ëø¶Ô½Ó¹¤×÷\ÄÏ¾©8-2 #
#                    4\·É±ÈËø¹¤³Ì\Debug\Obj\stm8l15x_wfe.o                    #
#                    E:\Ö£½£Ñ©¹¤×÷Ä¿Â¼\Ëø¶Ô½Ó¹¤×÷\ÄÏ¾©8-24\·É±ÈËø¹¤³Ì\Debug\O #
#                    bj\stm8l15x_wwdg.o E:\Ö£½£Ñ©¹¤×÷Ä¿Â¼\Ëø¶Ô½Ó¹¤×÷\ÄÏ¾©8-24 #
#                    \·É±ÈËø¹¤³Ì\Debug\Obj\usart.o --redirect                 #
#                    _Printf=_PrintfSmall --redirect _Scanf=_ScanfSmall -o    #
#                    E:\Ö£½£Ñ©¹¤×÷Ä¿Â¼\Ëø¶Ô½Ó¹¤×÷\ÄÏ¾©8-24\·É±ÈËø¹¤³Ì\Debug\E #
#                    xe\XiangRui_STM8L051F3P6_Library.out --map               #
#                    E:\Ö£½£Ñ©¹¤×÷Ä¿Â¼\Ëø¶Ô½Ó¹¤×÷\ÄÏ¾©8-24\·É±ÈËø¹¤³Ì\Debug\L #
#                    ist\XiangRui_STM8L051F3P6_Library.map --config           #
#                    "E:\Embedded Workbench 6.0\stm8\config\lnkstm8l151f3.icf #
#                    " --config_def _CSTACK_SIZE=0x100 --config_def           #
#                    _HEAP_SIZE=0x100 --entry __iar_program_start --debug_lib #
#                                                                             #
#                                                                             #
###############################################################################

*******************************************************************************
*** RUNTIME MODEL ATTRIBUTES
***

__SystemLibrary            = DLib
__code_model               = small
__core                     = stm8
__data_model               = medium
__dlib_file_descriptor     = 0
__dlib_full_locale_support = 0
__rt_version               = 4


*******************************************************************************
*** PLACEMENT SUMMARY
***

"A1":  place at start of [0x000000-0x0000ff] { rw section .vregs };
"A2":  place at end of [0x000000-0x0003ff] { block CSTACK };
"P2":  place in [from 0x000000 to 0x0003ff] {
          block HEAP, rw section .far.bss, rw section .far.data,
          rw section .far.noinit, rw section .far_func.textrw,
          rw section .huge.bss, rw section .huge.data, rw section .huge.noinit,
          rw section .huge_func.textrw, rw section .iar.dynexit,
          rw section .near.bss, rw section .near.data, rw section .near.noinit,
          rw section .near_func.textrw };
"A3":  place at start of [0x008000-0x009fff] { block INTVEC };
"P3":  place in [from 0x008000 to 0x009fff] {
          ro section .far.data_init, ro section .far_func.textrw_init,
          ro section .huge.data_init, ro section .huge_func.textrw_init,
          ro section .iar.init_table, ro section .init_array,
          ro section .near.data_init, ro section .near.rodata,
          ro section .near_func.text, ro section .near_func.textrw_init,
          ro section .tiny.data_init, ro section .tiny.rodata_init };

  Section            Kind      Address    Size  Object
  -------            ----      -------    ----  ------
"A1":                                     0x10
  .vregs             uninit   0x000000    0x10  vregs.o [4]
                            - 0x000010    0x10

"P2", part 1 of 2:                        0xca
  P2 s0                       0x000010    0xca  <Init block>
    .near.data       inited   0x000010    0x64  main.o [1]
    .near.data       inited   0x000074    0x64  main.o [1]
    .near.data       inited   0x0000d8     0x1  main.o [1]
    .near.data       inited   0x0000d9     0x1  main.o [1]
                            - 0x0000da    0xca

"P2", part 2 of 2:                        0x6a
  .near.bss          zero     0x0000da    0x32  main.o [1]
  .near.bss          zero     0x00010c     0xb  main.o [1]
  .near.bss          zero     0x000117     0xb  main.o [1]
  .near.bss          zero     0x000122     0x2  main.o [1]
  .near.bss          zero     0x000124     0x2  main.o [1]
  .near.bss          zero     0x000126     0x2  main.o [1]
  .near.bss          zero     0x000128     0x2  main.o [1]
  .near.bss          zero     0x00012a     0x2  main.o [1]
  .near.bss          zero     0x00012c     0x2  main.o [1]
  .near.bss          zero     0x00012e     0x2  main.o [1]
  .near.bss          zero     0x000130     0x2  main.o [1]
  .near.bss          zero     0x000132     0x1  main.o [1]
  .near.bss          zero     0x000133     0x1  main.o [1]
  .near.bss          zero     0x000134     0x1  main.o [1]
  .near.bss          zero     0x000135     0x1  main.o [1]
  .near.bss          zero     0x000136     0x1  main.o [1]
  .near.bss          zero     0x000137     0x1  main.o [1]
  .near.bss          zero     0x000138     0x1  main.o [1]
  .near.bss          zero     0x000139     0x1  main.o [1]
  .near.bss          zero     0x00013a     0x1  main.o [1]
  .near.bss          zero     0x00013b     0x1  main.o [1]
  .near.bss          zero     0x00013c     0x1  main.o [1]
  .near.bss          zero     0x00013d     0x1  main.o [1]
  .near.bss          zero     0x00013e     0x1  main.o [1]
  .near.bss          zero     0x00013f     0x1  main.o [1]
  .near.bss          zero     0x000140     0x1  main.o [1]
  .near.bss          zero     0x000141     0x1  main.o [1]
  .near.bss          zero     0x000142     0x1  main.o [1]
  .near.bss          zero     0x000143     0x1  stm8l15x_it.o [1]
                            - 0x000144    0x6a

"A2":                                    0x100
  CSTACK                      0x000300   0x100  <Block>
    CSTACK           uninit   0x000300   0x100  <Block tail>
                            - 0x000400   0x100

"A3":                                     0x80
  INTVEC                      0x008000    0x80  <Block>
    .intvec          const    0x008000    0x80  interrupt.o [4]
                            - 0x008080    0x80

"P3":                                   0x19ee
  .near_func.text    ro code  0x008080   0x39c  main.o [1]
  .near_func.text    ro code  0x00841c   0x1ee  stm8l15x_it.o [1]
  .near_func.text    ro code  0x00860a   0x17f  main.o [1]
  .near_func.text    ro code  0x008789   0x142  main.o [1]
  .near_func.text    ro code  0x0088cb   0x10c  main.o [1]
  .near_func.text    ro code  0x0089d7    0xe6  vreg_util.o [4]
  .near_func.text    ro code  0x008abd    0xd9  stm8l15x_usart.o [1]
  .near_func.text    ro code  0x008b96    0xd3  main.o [1]
  .near_func.text    ro code  0x008c69    0xc6  main.o [1]
  .near_func.text    ro code  0x008d2f    0xb1  main.o [1]
  .near_func.text    ro code  0x008de0    0xae  stm8l15x_gpio.o [1]
  .near_func.text    ro code  0x008e8e    0xa9  stm8l15x_usart.o [1]
  .near_func.text    ro code  0x008f37    0xa5  main.o [1]
  .near_func.text    ro code  0x008fdc    0x9f  main.o [1]
  .near_func.text    ro code  0x00907b    0x9b  long.o [4]
  .near_func.text    ro code  0x009116    0x95  stm8l15x_usart.o [1]
  .near_func.text    ro code  0x0091ab    0x89  stm8l15x_clk.o [1]
  .near_func.text    ro code  0x009234    0x7a  main.o [1]
  .near_func.text    ro code  0x0092ae    0x7a  stm8l15x_clk.o [1]
  .near_func.text    ro code  0x009328    0x71  main.o [1]
  .near_func.text    ro code  0x009399    0x62  stm8l15x_syscfg.o [1]
  .near_func.text    ro code  0x0093fb    0x5e  usart.o [1]
  .near_func.text    ro code  0x009459    0x5d  main.o [1]
  .near_func.text    ro code  0x0094b6    0x5d  main.o [1]
  .near_func.text    ro code  0x009513    0x59  eeprom.o [1]
  .near_func.text    ro code  0x00956c    0x58  main.o [1]
  .near_func.text    ro code  0x0095c4    0x46  main.o [1]
  .near_func.text    ro code  0x00960a    0x41  main.o [1]
  .near_func.text    ro code  0x00964b    0x40  main.o [1]
  .near_func.text    ro code  0x00968b    0x2a  stm8l15x_tim2.o [1]
  .near_func.text    ro code  0x0096b5    0x28  init_small.o [4]
  .near_func.text    ro code  0x0096dd    0x27  stm8l15x_tim2.o [1]
  .near_func.text    ro code  0x009704    0x22  stm8l15x_usart.o [1]
  .near_func.text    ro code  0x009726    0x21  stm8l15x_usart.o [1]
  .near_func.text    ro code  0x009747    0x1d  main.o [1]
  .iar.init_table    const    0x009764    0x12  - Linker created -
  .near_func.text    ro code  0x009776    0x1f  long_util.o [4]
  .near_func.text    ro code  0x009795    0x1e  main.o [1]
  .near_func.text    ro code  0x0097b3    0x1e  init_small.o [4]
  .near_func.text    ro code  0x0097d1    0x1a  main.o [1]
  .near_func.text    ro code  0x0097eb    0x1a  main.o [1]
  .near_func.text    ro code  0x009805    0x1a  stm8l15x_gpio.o [1]
  .near_func.text    ro code  0x00981f    0x1a  usart.o [1]
  .near_func.text    ro code  0x009839    0x19  stm8l15x_flash.o [1]
  .near_func.text    ro code  0x009852    0x18  main.o [1]
  .near_func.text    ro code  0x00986a    0x17  main.o [1]
  .near_func.text    ro code  0x009881    0x17  init.o [4]
  .near.rodata       const    0x009898    0x14  main.o [1]
  .near_func.text    ro code  0x0098ac    0x14  stm8l15x_flash.o [1]
  .near_func.text    ro code  0x0098c0    0x14  __dbg_xxexit.o [3]
  .near_func.text    ro code  0x0098d4    0x13  cstartup.o [4]
  .near_func.text    ro code  0x0098e7     0xd  stm8l15x_it.o [1]
  .near_func.text    ro code  0x0098f4     0xd  stm8l15x_it.o [1]
  .near_func.text    ro code  0x009901     0xd  stm8l15x_syscfg.o [1]
  .near_func.text    ro code  0x00990e     0xd  stm8l15x_tim2.o [1]
  .near_func.text    ro code  0x00991b     0xd  stm8l15x_tim2.o [1]
  .near_func.text    ro code  0x009928     0xd  stm8l15x_tim2.o [1]
  .near_func.text    ro code  0x009935     0xd  move.o [4]
  .near_func.text    ro code  0x009942     0xd  short.o [4]
  .near_func.text    ro code  0x00994f     0xb  stm8l15x_flash.o [1]
  .near_func.text    ro code  0x00995a     0xb  stm8l15x_gpio.o [1]
  .near.rodata       const    0x009965     0x5  stm8l15x_clk.o [1]
  .near_func.text    ro code  0x00996a     0x5  cexit.o [4]
  .near_func.text    ro code  0x00996f     0x4  stm8l15x_clk.o [1]
  .near_func.text    ro code  0x009973     0x3  stm8l15x_gpio.o [1]
  .near_func.text    ro code  0x009976     0x3  stm8l15x_usart.o [1]
  .near_func.text    ro code  0x009979     0x3  stm8l15x_usart.o [1]
  .near_func.text    ro code  0x00997c     0x3  interrupt.o [4]
  .near_func.text    ro code  0x00997f     0x3  low_level_init.o [4]
  .near_func.text    ro code  0x009982     0x3  exit.o [4]
  .near_func.text    ro code  0x009985     0x3  unhandled_exception.o [4]
  .near_func.text    ro code  0x009988     0x1  stm8l15x_it.o [1]
  .near_func.text    ro code  0x009989     0x1  stm8l15x_it.o [1]
  .near_func.text    ro code  0x00998a     0x1  stm8l15x_it.o [1]
  .near_func.text    ro code  0x00998b     0x1  stm8l15x_it.o [1]
  .near_func.text    ro code  0x00998c     0x1  stm8l15x_it.o [1]
  .near_func.text    ro code  0x00998d     0x1  stm8l15x_it.o [1]
  .near_func.text    ro code  0x00998e     0x1  stm8l15x_it.o [1]
  .near_func.text    ro code  0x00998f     0x1  stm8l15x_it.o [1]
  .near_func.text    ro code  0x009990     0x1  stm8l15x_it.o [1]
  .near_func.text    ro code  0x009991     0x1  stm8l15x_it.o [1]
  .near_func.text    ro code  0x009992     0x1  stm8l15x_it.o [1]
  .near_func.text    ro code  0x009993     0x1  stm8l15x_it.o [1]
  .near_func.text    ro code  0x009994     0x1  stm8l15x_it.o [1]
  .near_func.text    ro code  0x009995     0x1  stm8l15x_it.o [1]
  .near_func.text    ro code  0x009996     0x1  stm8l15x_it.o [1]
  .near_func.text    ro code  0x009997     0x1  stm8l15x_it.o [1]
  .near_func.text    ro code  0x009998     0x1  stm8l15x_it.o [1]
  .near_func.text    ro code  0x009999     0x1  stm8l15x_it.o [1]
  .near_func.text    ro code  0x00999a     0x1  stm8l15x_it.o [1]
  .near_func.text    ro code  0x00999b     0x1  stm8l15x_it.o [1]
  .near_func.text    ro code  0x00999c     0x1  stm8l15x_it.o [1]
  .near_func.text    ro code  0x00999d     0x1  stm8l15x_it.o [1]
  .near_func.text    ro code  0x00999e     0x1  stm8l15x_it.o [1]
  .near_func.text    ro code  0x00999f     0x1  stm8l15x_it.o [1]
  .near_func.text    ro code  0x0099a0     0x1  stm8l15x_it.o [1]
  .near_func.text    ro code  0x0099a1     0x1  stm8l15x_it.o [1]
  .near_func.text    ro code  0x0099a2     0x1  stm8l15x_it.o [1]
  .near_func.text    ro code  0x0099a3     0x1  __dbg_break.o [3]
  Initializer bytes  ro data  0x0099a4    0xca  <for P2 s0>
                            - 0x009a6e  0x19ee


*******************************************************************************
*** INIT TABLE
***

          Address   Size
          -------   ----
Zero (__iar_zero_init2)
    1 destination range, total size 0x6a:
          0x0000da  0x6a

Copy (__iar_copy_init2)
    1 source range, total size 0xca:
          0x0099a4  0xca
    1 destination range, total size 0xca:
          0x000010  0xca


*******************************************************************************
*** MODULE SUMMARY
***

    Module                 ro code  ro data  rw data
    ------                 -------  -------  -------
E:\Ö£½£Ñ©¹¤×÷Ä¿Â¼\Ëø¶Ô½Ó¹¤×÷\ÄÏ¾©8-24\·É±ÈËø¹¤³Ì\Debug\Obj: [1]
    eeprom.o                    89
    main.o                   3 673      222      307
    stm8l15x_clk.o             263        5
    stm8l15x_flash.o            56
    stm8l15x_gpio.o            214
    stm8l15x_it.o              547                 1
    stm8l15x_syscfg.o          111
    stm8l15x_tim2.o            120
    stm8l15x_usart.o           608
    usart.o                    120
    ------------------------------------------------
    Total:                   5 801      227      308

command line: [2]
    ------------------------------------------------
    Total:

dbgstm8smd.a: [3]
    __dbg_break.o                1
    __dbg_xxexit.o              20
    ------------------------------------------------
    Total:                      21

dlstm8smn.a: [4]
    cexit.o                      5
    cstartup.o                  19
    exit.o                       3
    init.o                      23
    init_small.o                70
    interrupt.o                  3      128
    long.o                     155
    long_util.o                 31
    low_level_init.o             3
    move.o                      13
    short.o                     13
    unhandled_exception.o        3
    vreg_util.o                230
    vregs.o                                       16
    ------------------------------------------------
    Total:                     571      128       16

    Linker created                       18      256
----------------------------------------------------
    Grand Total:             6 393      373      580


*******************************************************************************
*** ENTRY LIST
***

Entry                    Address   Size  Type      Object
-----                    -------   ----  ----      ------
?add32_l0_l0_0x         0x009091         Code  Gb  long.o [4]
?add32_l0_l0_l1         0x00908e         Code  Gb  long.o [4]
?b0                     0x000000         Data  Gb  vregs.o [4]
?b1                     0x000001         Data  Gb  vregs.o [4]
?b10                    0x00000a         Data  Gb  vregs.o [4]
?b11                    0x00000b         Data  Gb  vregs.o [4]
?b12                    0x00000c         Data  Gb  vregs.o [4]
?b13                    0x00000d         Data  Gb  vregs.o [4]
?b14                    0x00000e         Data  Gb  vregs.o [4]
?b15                    0x00000f         Data  Gb  vregs.o [4]
?b2                     0x000002         Data  Gb  vregs.o [4]
?b3                     0x000003         Data  Gb  vregs.o [4]
?b4                     0x000004         Data  Gb  vregs.o [4]
?b5                     0x000005         Data  Gb  vregs.o [4]
?b6                     0x000006         Data  Gb  vregs.o [4]
?b7                     0x000007         Data  Gb  vregs.o [4]
?b8                     0x000008         Data  Gb  vregs.o [4]
?b9                     0x000009         Data  Gb  vregs.o [4]
?e0                     0x000001         Data  Gb  vregs.o [4]
?e1                     0x000005         Data  Gb  vregs.o [4]
?e2                     0x000009         Data  Gb  vregs.o [4]
?e3                     0x00000d         Data  Gb  vregs.o [4]
?epilogue_l2            0x008a66         Code  Gb  vreg_util.o [4]
?epilogue_l2_l3         0x008a63         Code  Gb  vreg_util.o [4]
?epilogue_w4            0x008a6a         Code  Gb  vreg_util.o [4]
?inc32_0x_0x            0x009080         Code  Gb  long.o [4]
?inc32_l2_l2            0x00907b         Code  Gb  long.o [4]
?l0                     0x000000         Data  Gb  vregs.o [4]
?l1                     0x000004         Data  Gb  vregs.o [4]
?l2                     0x000008         Data  Gb  vregs.o [4]
?l3                     0x00000c         Data  Gb  vregs.o [4]
?load32_0x_l0           0x009787         Code  Gb  long_util.o [4]
?load32_asp_l0          0x00977b         Code  Gb  long_util.o [4]
?load32_dbsp_l0         0x009776         Code  Gb  long_util.o [4]
?load32_xsp_l0          0x00977d         Code  Gb  long_util.o [4]
?mov_e0_e2              0x008a7f         Code  Gb  vreg_util.o [4]
?mov_e0_e3              0x008a8c         Code  Gb  vreg_util.o [4]
?mov_e1_e3              0x008a99         Code  Gb  vreg_util.o [4]
?mov_e2_e0              0x008aa6         Code  Gb  vreg_util.o [4]
?mov_e3_e0              0x008ab3         Code  Gb  vreg_util.o [4]
?mov_l0_l2              0x008a7c         Code  Gb  vreg_util.o [4]
?mov_l0_l3              0x008a89         Code  Gb  vreg_util.o [4]
?mov_l1_l3              0x008a96         Code  Gb  vreg_util.o [4]
?mov_l2_l0              0x008aa3         Code  Gb  vreg_util.o [4]
?mov_l3_l0              0x008ab0         Code  Gb  vreg_util.o [4]
?mov_w1_w4              0x008a6e         Code  Gb  vreg_util.o [4]
?mov_w1_w5              0x008a82         Code  Gb  vreg_util.o [4]
?mov_w1_w7              0x008a8f         Code  Gb  vreg_util.o [4]
?mov_w2_w0              0x008a75         Code  Gb  vreg_util.o [4]
?mov_w3_w7              0x008a9c         Code  Gb  vreg_util.o [4]
?mov_w5_w1              0x008aa9         Code  Gb  vreg_util.o [4]
?mov_w7_w1              0x008ab6         Code  Gb  vreg_util.o [4]
?move1616_v_x_y_a       0x009935         Code  Gb  move.o [4]
?pop_l0                 0x008a2f         Code  Gb  vreg_util.o [4]
?pop_l1                 0x008a3a         Code  Gb  vreg_util.o [4]
?pop_l2                 0x008a45         Code  Gb  vreg_util.o [4]
?pop_l3                 0x008a50         Code  Gb  vreg_util.o [4]
?pop_w4                 0x0089ef         Code  Gb  vreg_util.o [4]
?push_l0                0x0089fe         Code  Gb  vreg_util.o [4]
?push_l1                0x008a03         Code  Gb  vreg_util.o [4]
?push_l2                0x008a08         Code  Gb  vreg_util.o [4]
?push_l3                0x008a0d         Code  Gb  vreg_util.o [4]
?push_w4                0x0089d7         Code  Gb  vreg_util.o [4]
?sll16_x_x_a            0x009942         Code  Gb  short.o [4]
?srl16_x_x_4            0x00994a         Code  Gb  short.o [4]
?udiv32_l0_l0_l1        0x0090a9         Code  Gb  long.o [4]
?umod32_l1_l0_l1        0x0090a9         Code  Gb  long.o [4]
?w0                     0x000000         Data  Gb  vregs.o [4]
?w1                     0x000002         Data  Gb  vregs.o [4]
?w2                     0x000004         Data  Gb  vregs.o [4]
?w3                     0x000006         Data  Gb  vregs.o [4]
?w4                     0x000008         Data  Gb  vregs.o [4]
?w5                     0x00000a         Data  Gb  vregs.o [4]
?w6                     0x00000c         Data  Gb  vregs.o [4]
?w7                     0x00000e         Data  Gb  vregs.o [4]
ADC1_COMP_IRQHandler    0x009998    0x1  Code  Gb  stm8l15x_it.o [1]
BFCT_protocol_Lock      0x000117    0xb  Data  Gb  main.o [1]
BFCT_protocol_Zigbee    0x00010c    0xb  Data  Gb  main.o [1]
CLK_GetClockFreq        0x0092ae   0x7a  Code  Gb  stm8l15x_clk.o [1]
CLK_PeripheralClockConfig
                        0x0091ab   0x89  Code  Gb  stm8l15x_clk.o [1]
CLK_SYSCLKDivConfig     0x00996f    0x4  Code  Gb  stm8l15x_clk.o [1]
CSTACK$$Base            0x000300          --   Gb  - Linker created -
CSTACK$$Limit           0x000400          --   Gb  - Linker created -
DMA1_CHANNEL0_1_IRQHandler
                        0x00998a    0x1  Code  Gb  stm8l15x_it.o [1]
DMA1_CHANNEL2_3_IRQHandler
                        0x00998b    0x1  Code  Gb  stm8l15x_it.o [1]
EEPROM_multbyte_write   0x009513   0x59  Code  Gb  eeprom.o [1]
EXTI0_IRQHandler        0x0098e7    0xd  Code  Gb  stm8l15x_it.o [1]
EXTI1_IRQHandler        0x009990    0x1  Code  Gb  stm8l15x_it.o [1]
EXTI2_IRQHandler        0x009991    0x1  Code  Gb  stm8l15x_it.o [1]
EXTI3_IRQHandler        0x0098f4    0xd  Code  Gb  stm8l15x_it.o [1]
EXTI4_IRQHandler        0x009992    0x1  Code  Gb  stm8l15x_it.o [1]
EXTI5_IRQHandler        0x009993    0x1  Code  Gb  stm8l15x_it.o [1]
EXTI6_IRQHandler        0x009994    0x1  Code  Gb  stm8l15x_it.o [1]
EXTI7_IRQHandler        0x009995    0x1  Code  Gb  stm8l15x_it.o [1]
EXTIB_G_IRQHandler      0x00998e    0x1  Code  Gb  stm8l15x_it.o [1]
EXTID_H_IRQHandler      0x00998f    0x1  Code  Gb  stm8l15x_it.o [1]
EXTIE_F_PVD_IRQHandler  0x00998d    0x1  Code  Gb  stm8l15x_it.o [1]
FLASH_GetFlagStatus     0x0098ac   0x14  Code  Gb  stm8l15x_flash.o [1]
FLASH_IRQHandler        0x009989    0x1  Code  Gb  stm8l15x_it.o [1]
FLASH_SetProgrammingTime
                        0x00994f    0xb  Code  Gb  stm8l15x_flash.o [1]
FLASH_Unlock            0x009839   0x19  Code  Gb  stm8l15x_flash.o [1]
GPIO_DeInit             0x009805   0x1a  Code  Gb  stm8l15x_gpio.o [1]
GPIO_Init               0x008de0   0xae  Code  Gb  stm8l15x_gpio.o [1]
GPIO_ReadInputDataBit   0x009973    0x3  Code  Gb  stm8l15x_gpio.o [1]
GPIO_WriteBit           0x00995a    0xb  Code  Gb  stm8l15x_gpio.o [1]
G_receive_data          0x000010   0x64  Data  Gb  main.o [1]
G_send_data             0x000074   0x64  Data  Gb  main.o [1]
I2C1_SPI2_IRQHandler    0x0099a2    0x1  Code  Gb  stm8l15x_it.o [1]
INTVEC$$Base            0x008000          --   Gb  - Linker created -
INTVEC$$Limit           0x008080          --   Gb  - Linker created -
IOInit                  0x00956c   0x58  Code  Gb  main.o [1]
LCD_AES_IRQHandler      0x009996    0x1  Code  Gb  stm8l15x_it.o [1]
LED2                    0x0097d1   0x1a  Code  Gb  main.o [1]
LED3                    0x0097eb   0x1a  Code  Gb  main.o [1]
Lock_process_done       0x0000d9    0x1  Data  Gb  main.o [1]
Lock_process_timeout    0x00013a    0x1  Data  Gb  main.o [1]
Lock_processing_flag    0x000139    0x1  Data  Gb  main.o [1]
RTC_CSSLSE_IRQHandler   0x00998c    0x1  Code  Gb  stm8l15x_it.o [1]
Region$$Table$$Base     0x009764          --   Gb  - Linker created -
Region$$Table$$Limit    0x009776          --   Gb  - Linker created -
SPI1_IRQHandler         0x0099a0    0x1  Code  Gb  stm8l15x_it.o [1]
SWITCH_CSS_BREAK_DAC_IRQHandler
                        0x009997    0x1  Code  Gb  stm8l15x_it.o [1]
SYSCFG_REMAPDeInit      0x009901    0xd  Code  Gb  stm8l15x_syscfg.o [1]
SYSCFG_REMAPPinConfig   0x009399   0x62  Code  Gb  stm8l15x_syscfg.o [1]
SYSDivFactor            0x009965    0x5  Data  Gb  stm8l15x_clk.o [1]
TIM1_CC_IRQHandler      0x00999e    0x1  Code  Gb  stm8l15x_it.o [1]
TIM1_UPD_OVF_TRG_COM_IRQHandler
                        0x00999d    0x1  Code  Gb  stm8l15x_it.o [1]
TIM2_ARRPreloadConfig   0x00990e    0xd  Code  Gb  stm8l15x_tim2.o [1]
TIM2_CC_USART2_RX_IRQHandler
                        0x00999a    0x1  Code  Gb  stm8l15x_it.o [1]
TIM2_ClearFlag          0x009928    0xd  Code  Gb  stm8l15x_tim2.o [1]
TIM2_Cmd                0x00991b    0xd  Code  Gb  stm8l15x_tim2.o [1]
TIM2_GetFlagStatus      0x0096dd   0x27  Code  Gb  stm8l15x_tim2.o [1]
TIM2_Init               0x009852   0x18  Code  Gb  main.o [1]
TIM2_TimeBaseInit       0x00968b   0x2a  Code  Gb  stm8l15x_tim2.o [1]
TIM2_UPD_OVF_TRG_BRK_USART2_TX_IRQHandler
                        0x009999    0x1  Code  Gb  stm8l15x_it.o [1]
TIM3_CC_USART3_RX_IRQHandler
                        0x00999c    0x1  Code  Gb  stm8l15x_it.o [1]
TIM3_UPD_OVF_TRG_BRK_USART3_TX_IRQHandler
                        0x00999b    0x1  Code  Gb  stm8l15x_it.o [1]
TIM4_UPD_OVF_TRG_IRQHandler
                        0x00999f    0x1  Code  Gb  stm8l15x_it.o [1]
TRAP_IRQHandler         0x009988    0x1  Code  Gb  stm8l15x_it.o [1]
UART1_Init              0x009459   0x5d  Code  Gb  main.o [1]
UART1_RemapInit         0x0094b6   0x5d  Code  Gb  main.o [1]
USART1_RX_TIM5_CC_IRQHandler
                        0x00841c  0x1ee  Code  Gb  stm8l15x_it.o [1]
USART1_TX_TIM5_UPD_OVF_TRG_BRK_IRQHandler
                        0x0099a1    0x1  Code  Gb  stm8l15x_it.o [1]
USART_Cmd               0x009726   0x21  Code  Gb  stm8l15x_usart.o [1]
USART_GetFlagStatus     0x009704   0x22  Code  Gb  stm8l15x_usart.o [1]
USART_GetITStatus       0x008e8e   0xa9  Code  Gb  stm8l15x_usart.o [1]
USART_ITConfig          0x009116   0x95  Code  Gb  stm8l15x_usart.o [1]
USART_Init              0x008abd   0xd9  Code  Gb  stm8l15x_usart.o [1]
USART_ReceiveData8      0x009976    0x3  Code  Gb  stm8l15x_usart.o [1]
USART_SendData8         0x009979    0x3  Code  Gb  stm8l15x_usart.o [1]
USART_process           0x0088cb  0x10c  Code  Gb  main.o [1]
Zigbee_process_done     0x0000d8    0x1  Data  Gb  main.o [1]
Zigbee_process_timeout  0x00013b    0x1  Data  Gb  main.o [1]
Zigbee_processing_flag  0x000138    0x1  Data  Gb  main.o [1]
__DebugBreak            0x0099a3    0x1  Code  Gb  __dbg_break.o [3]
__exit                  0x0098c0   0x14  Code  Gb  __dbg_xxexit.o [3]
__iar_copy_init2        0x0096b5         Code  Gb  init_small.o [4]
__iar_data_init2        0x009881   0x17  Code  Gb  init.o [4]
__iar_program_start     0x0098d4         Code  Gb  cstartup.o [4]
__iar_unhandled_exception
                        0x009985         Code  Gb  unhandled_exception.o [4]
__iar_zero_init2        0x0097b3         Code  Gb  init_small.o [4]
__intvec                0x008000         Data  Gb  interrupt.o [4]
__low_level_init        0x00997f    0x3  Code  Gb  low_level_init.o [4]
_exit                   0x00996a         Code  Gb  cexit.o [4]
_interrupt_1            0x009988         Code  Gb  stm8l15x_it.o [1]
_interrupt_10           0x0098e7         Code  Gb  stm8l15x_it.o [1]
_interrupt_11           0x009990         Code  Gb  stm8l15x_it.o [1]
_interrupt_12           0x009991         Code  Gb  stm8l15x_it.o [1]
_interrupt_13           0x0098f4         Code  Gb  stm8l15x_it.o [1]
_interrupt_14           0x009992         Code  Gb  stm8l15x_it.o [1]
_interrupt_15           0x009993         Code  Gb  stm8l15x_it.o [1]
_interrupt_16           0x009994         Code  Gb  stm8l15x_it.o [1]
_interrupt_17           0x009995         Code  Gb  stm8l15x_it.o [1]
_interrupt_18           0x009996         Code  Gb  stm8l15x_it.o [1]
_interrupt_19           0x009997         Code  Gb  stm8l15x_it.o [1]
_interrupt_2            0x00997c         Code  Wk  interrupt.o [4]
_interrupt_20           0x009998         Code  Gb  stm8l15x_it.o [1]
_interrupt_21           0x009999         Code  Gb  stm8l15x_it.o [1]
_interrupt_22           0x00999a         Code  Gb  stm8l15x_it.o [1]
_interrupt_23           0x00999b         Code  Gb  stm8l15x_it.o [1]
_interrupt_24           0x00999c         Code  Gb  stm8l15x_it.o [1]
_interrupt_25           0x00999d         Code  Gb  stm8l15x_it.o [1]
_interrupt_26           0x00999e         Code  Gb  stm8l15x_it.o [1]
_interrupt_27           0x00999f         Code  Gb  stm8l15x_it.o [1]
_interrupt_28           0x0099a0         Code  Gb  stm8l15x_it.o [1]
_interrupt_29           0x0099a1         Code  Gb  stm8l15x_it.o [1]
_interrupt_3            0x009989         Code  Gb  stm8l15x_it.o [1]
_interrupt_30           0x00841c         Code  Gb  stm8l15x_it.o [1]
_interrupt_31           0x0099a2         Code  Gb  stm8l15x_it.o [1]
_interrupt_4            0x00998a         Code  Gb  stm8l15x_it.o [1]
_interrupt_5            0x00998b         Code  Gb  stm8l15x_it.o [1]
_interrupt_6            0x00998c         Code  Gb  stm8l15x_it.o [1]
_interrupt_7            0x00998d         Code  Gb  stm8l15x_it.o [1]
_interrupt_8            0x00998e         Code  Gb  stm8l15x_it.o [1]
_interrupt_9            0x00998f         Code  Gb  stm8l15x_it.o [1]
continue_usart_data     0x000132    0x1  Data  Gb  main.o [1]
crc_8n                  0x0093fb   0x5e  Code  Gb  usart.o [1]
data3_tc                0x000133    0x1  Data  Gb  main.o [1]
data_buff               0x0000da   0x32  Data  Gb  main.o [1]
exit                    0x009982    0x3  Code  Gb  exit.o [4]
init_pin_interrupt      0x008fdc   0x9f  Code  Gb  main.o [1]
led                     0x00964b   0x40  Code  Gb  main.o [1]
lock_convert2zigbee     0x008d2f   0xb1  Code  Gb  main.o [1]
lock_interrupt          0x000136    0x1  Data  Gb  main.o [1]
lock_moni_state         0x00013f    0x1  Data  Gb  main.o [1]
lock_protocal_analysis  0x008080  0x39c  Code  Gb  main.o [1]
lock_protocal_component
                        0x009234   0x7a  Code  Gb  main.o [1]
lock_protocal_component_ACK
                        0x00960a   0x41  Code  Gb  main.o [1]
lock_state              0x00013c    0x1  Data  Gb  main.o [1]
lock_usart_send         0x008c69   0xc6  Code  Gb  main.o [1]
main                    0x008789  0x142  Code  Gb  main.o [1]
os_time                 0x00986a   0x17  Code  Gb  main.o [1]
reply_ACK               0x009747   0x1d  Code  Gb  main.o [1]
send_hex                0x0095c4   0x46  Code  Gb  main.o [1]
sum_check               0x009795   0x1e  Code  Gb  main.o [1]
t_1ms                   0x000135    0x1  Data  Gb  main.o [1]
timeout_flag            0x000134    0x1  Data  Gb  main.o [1]
wake_up_in              0x00981f   0x1a  Code  Gb  usart.o [1]
zigbee_convert2lock     0x008b96   0xd3  Code  Gb  main.o [1]
zigbee_interrupt        0x000137    0x1  Data  Gb  main.o [1]
zigbee_moni_state       0x00013e    0x1  Data  Gb  main.o [1]
zigbee_protocal_analysis
                        0x00860a  0x17f  Code  Gb  main.o [1]
zigbee_protocal_component
                        0x008f37   0xa5  Code  Gb  main.o [1]
zigbee_state            0x00013d    0x1  Data  Gb  main.o [1]
zigbee_usart_send       0x009328   0x71  Code  Gb  main.o [1]


[1] = E:\Ö£½£Ñ©¹¤×÷Ä¿Â¼\Ëø¶Ô½Ó¹¤×÷\ÄÏ¾©8-24\·É±ÈËø¹¤³Ì\Debug\Obj
[2] = command line
[3] = dbgstm8smd.a
[4] = dlstm8smn.a

  6 393 bytes of readonly  code memory
    373 bytes of readonly  data memory
    580 bytes of readwrite data memory

Errors: none
Warnings: none
